-- CMake version: 4.0.3
-- The CXX compiler identification is AppleClang 17.0.0.17000603
-- Detecting CXX compiler ABI info
-- Detecting CXX compiler ABI info - done
-- Check for working CXX compiler: /usr/bin/c++ - skipped
-- Detecting CXX compile features
-- Detecting CXX compile features - done
-- [2026-01-26 09:42:43] [INFO ] RD 日志前缀设置为: RD
-- [2026-01-26 09:42:43] [INFO ] RD 正在加载 RenduCore CMake 模块...
-- [2026-01-26 09:42:43] [INFO ] RD 检测到 64-bit 平台
-- [2026-01-26 09:42:43] [INFO ] RD 检测到 arm64 处理器架构
-- [2026-01-26 09:42:43] [INFO ] RD UNIX: Using default configuration directory: /usr/local/etc
-- [2026-01-26 09:42:43] [INFO ] RD UNIX: Using default system linker
-- [2026-01-26 09:42:43] [INFO ] RD Homebrew found at /opt/homebrew/bin/brew
-- [2026-01-26 09:42:44] [INFO ] RD Homebrew installation found at /opt/homebrew
-- [2026-01-26 09:42:44] [INFO ] RD UNIX: Detected compiler: 
-- [2026-01-26 09:42:44] [INFO ] RD Clang: Minimum version required is 12.0.5, found 17.0.0.17000603 - ok!
-- Found Git: /usr/bin/git (found version "2.50.1 (Apple Git-155)")
-- [2026-01-26 09:42:44] [INFO ] RD *****************************************************
-- [2026-01-26 09:42:44] [INFO ] RD * RenduCore 版本信息   : ad40f3ef2811+ 2026-01-26 09:14:51 +0800 (feature/architecture 分支)
-- [2026-01-26 09:42:44] [INFO ] RD * RenduCore 构建类型   : RelWithDebInfo
-- [2026-01-26 09:42:44] [INFO ] RD * 安装核心到           : /usr/local
-- [2026-01-26 09:42:44] [INFO ] RD * 配置文件安装到       : /usr/local/etc
-- [2026-01-26 09:42:44] [INFO ] RD * 构建 launcher        : 是（默认）
-- [2026-01-26 09:42:44] [INFO ] RD * 构建工具             : 是（默认）
-- [2026-01-26 09:42:44] [INFO ] RD * 构建单元测试         : 是
-- [2026-01-26 09:42:44] [INFO ] RD * 启用脚本支持         : 否
-- [2026-01-26 09:42:44] [INFO ] RD * Core 使用预编译头    : 是（默认）
-- [2026-01-26 09:42:44] [INFO ] RD * 脚本使用预编译头     : 是（默认）
-- [2026-01-26 09:42:44] [INFO ] RD * 显示所有警告         : 否（默认）
-- [2026-01-26 09:42:44] [INFO ] RD * 警告视为错误         : 否（默认）
-- [2026-01-26 09:42:44] [INFO ] RD * 启用核心调试         : 否（默认）
-- [2026-01-26 09:42:44] [INFO ] RD * 显示源码树           : 是（hierarchical）
-- [2026-01-26 09:42:44] [INFO ] RD * 使用 GIT 版本哈希    : 是（默认）
-- [2026-01-26 09:42:44] [INFO ] RD *****************************************************
-- [2026-01-26 09:42:44] [INFO ] RD RenduCore CMake 模块加载完成
-- [2026-01-26 09:42:44] [INFO ] RD 使用缓存包: Boost (来自 /Users/boil/.rdpm/packages/boost/03cd)
-- [2026-01-26 09:42:44] [WARN ] RD (_check_git_working_dir_is_clean)调用 git status 检查 /Users/boil/.rdpm/packages/boost/03cd 失败
-- Boost: RelWithDebInfo build, static libraries, MPI OFF, Python OFF, testing OFF
-- Performing Test CMAKE_HAVE_LIBC_PTHREAD
-- Performing Test CMAKE_HAVE_LIBC_PTHREAD - Success
-- Found Threads: TRUE
-- Performing Test BOOST_ATOMIC_TARGET_X86
-- Performing Test BOOST_ATOMIC_TARGET_X86 - Failed
-- Performing Test BOOST_ATOMIC_HAS_PTHREAD_COND_CLOCKWAIT
-- Performing Test BOOST_ATOMIC_HAS_PTHREAD_COND_CLOCKWAIT - Failed
-- Performing Test BOOST_CHARCONV_QUADMATH_FOUND
-- Performing Test BOOST_CHARCONV_QUADMATH_FOUND - Failed
-- Boost.Charconv: quadmath support OFF
-- Found OpenSSL: /opt/homebrew/Cellar/openssl@3/3.5.0/lib/libcrypto.dylib (found version "3.5.0")
-- The C compiler identification is AppleClang 17.0.0.17000603
-- Detecting C compiler ABI info
-- Detecting C compiler ABI info - done
-- Check for working C compiler: /usr/bin/cc - skipped
-- Detecting C compile features
-- Detecting C compile features - done
-- Boost.Context: architecture arm64, binary format mach-o, ABI aapcs, assembler gas, suffix .S, implementation fcontext
-- The ASM compiler identification is AppleClang
-- Found assembler: /usr/bin/cc
-- Boost.Fiber: NUMA target OS is none
-- Performing Test BOOST_FILESYSTEM_HAS_INIT_PRIORITY
-- Performing Test BOOST_FILESYSTEM_HAS_INIT_PRIORITY - Success
-- Performing Test BOOST_FILESYSTEM_HAS_CXX20_ATOMIC_REF
-- Performing Test BOOST_FILESYSTEM_HAS_CXX20_ATOMIC_REF - Success
-- Performing Test BOOST_FILESYSTEM_HAS_STAT_ST_BLKSIZE
-- Performing Test BOOST_FILESYSTEM_HAS_STAT_ST_BLKSIZE - Success
-- Performing Test BOOST_FILESYSTEM_HAS_STAT_ST_MTIM
-- Performing Test BOOST_FILESYSTEM_HAS_STAT_ST_MTIM - Failed
-- Performing Test BOOST_FILESYSTEM_HAS_STAT_ST_MTIMENSEC
-- Performing Test BOOST_FILESYSTEM_HAS_STAT_ST_MTIMENSEC - Failed
-- Performing Test BOOST_FILESYSTEM_HAS_STAT_ST_MTIMESPEC
-- Performing Test BOOST_FILESYSTEM_HAS_STAT_ST_MTIMESPEC - Success
-- Performing Test BOOST_FILESYSTEM_HAS_STAT_ST_BIRTHTIMENSEC
-- Performing Test BOOST_FILESYSTEM_HAS_STAT_ST_BIRTHTIMENSEC - Failed
-- Performing Test BOOST_FILESYSTEM_HAS_STAT_ST_BIRTHTIMESPEC
-- Performing Test BOOST_FILESYSTEM_HAS_STAT_ST_BIRTHTIMESPEC - Success
-- Performing Test BOOST_FILESYSTEM_HAS_STATX
-- Performing Test BOOST_FILESYSTEM_HAS_STATX - Failed
-- Performing Test BOOST_FILESYSTEM_HAS_STATX_SYSCALL
-- Performing Test BOOST_FILESYSTEM_HAS_STATX_SYSCALL - Failed
-- Performing Test BOOST_FILESYSTEM_HAS_FDOPENDIR_NOFOLLOW
-- Performing Test BOOST_FILESYSTEM_HAS_FDOPENDIR_NOFOLLOW - Success
-- Performing Test BOOST_FILESYSTEM_HAS_DIRENT_D_TYPE
-- Performing Test BOOST_FILESYSTEM_HAS_DIRENT_D_TYPE - Success
-- Performing Test BOOST_FILESYSTEM_HAS_POSIX_AT_APIS
-- Performing Test BOOST_FILESYSTEM_HAS_POSIX_AT_APIS - Failed
-- Performing Test BOOST_FILESYSTEM_HAS_FALLOCATE
-- Performing Test BOOST_FILESYSTEM_HAS_FALLOCATE - Failed
-- Skipping Boost library 'graph_parallel', BOOST_ENABLE_MPI is OFF
-- Found ZLIB: /Applications/Xcode.app/Contents/Developer/Platforms/MacOSX.platform/Developer/SDKs/MacOSX.sdk/usr/lib/libz.tbd (found version "1.2.12")
-- Found BZip2: /Applications/Xcode.app/Contents/Developer/Platforms/MacOSX.platform/Developer/SDKs/MacOSX.sdk/usr/lib/libbz2.tbd (found version "1.0.8")
-- Found LibLZMA: /Applications/Xcode.app/Contents/Developer/Platforms/MacOSX.platform/Developer/SDKs/MacOSX.sdk/usr/lib/liblzma.tbd (found version "5.8.1")
-- Performing Test BOOST_IOSTREAMS_HAS_LZMA_CPUTHREADS
-- Performing Test BOOST_IOSTREAMS_HAS_LZMA_CPUTHREADS - Success
-- Boost.Iostreams: ZLIB ON, BZip2 ON, LZMA ON (multithreaded), Zstd ON
-- Performing Test Iconv_IS_BUILT_IN
-- Performing Test Iconv_IS_BUILT_IN - Failed
-- Found Iconv: /Applications/Xcode.app/Contents/Developer/Platforms/MacOSX.platform/Developer/SDKs/MacOSX.sdk/usr/lib/libiconv.tbd
-- Boost.Locale: iconv ON, ICU OFF, POSIX ON, std ON, winapi OFF
-- Performing Test BOOST_LOG_TARGET_X86
-- Performing Test BOOST_LOG_TARGET_X86 - Failed
-- Performing Test BOOST_LOG_HAS_LOCK_FREE_ATOMIC_INT32
-- Performing Test BOOST_LOG_HAS_LOCK_FREE_ATOMIC_INT32 - Success
-- Performing Test BOOST_LOG_HAS_NATIVE_SYSLOG
-- Performing Test BOOST_LOG_HAS_NATIVE_SYSLOG - Success
-- Boost.Math: standalone mode OFF
-- Skipping Boost library 'mpi', BOOST_ENABLE_MPI is OFF
-- Boost.Multiprecision: standalone mode OFF
-- Performing Test BOOST_NOWIDE_HAS_LFS
-- Performing Test BOOST_NOWIDE_HAS_LFS - Success
-- Performing Test BOOST_NOWIDE_HAS_INIT_PRIORITY
-- Performing Test BOOST_NOWIDE_HAS_INIT_PRIORITY - Success
-- Skipping Boost library 'parameter_python', BOOST_ENABLE_PYTHON is OFF
-- Skipping Boost library 'property_map_parallel', BOOST_ENABLE_MPI is OFF
-- Skipping Boost library 'python', BOOST_ENABLE_PYTHON is OFF
-- Performing Test BOOST_STACKTRACE_HAS_BACKTRACE
-- Performing Test BOOST_STACKTRACE_HAS_BACKTRACE - Failed
-- Performing Test BOOST_STACKTRACE_HAS_WINDBG
-- Performing Test BOOST_STACKTRACE_HAS_WINDBG - Failed
-- Performing Test BOOST_STACKTRACE_HAS_WINDBG_CACHED
-- Performing Test BOOST_STACKTRACE_HAS_WINDBG_CACHED - Failed
-- Boost.Stacktrace: noop ON, backtrace OFF, addr2line ON, basic ON, windbg OFF, windbg_cached OFF, from_exception OFF
-- Boost.Thread: threading API is pthread
-- [2026-01-26 09:42:50] [INFO ] RD  添加包 Boost@1.90.0 (boost-1.90.0 at /Users/boil/.rdpm/packages/boost/03cd)
-- [2026-01-26 09:42:50] [INFO ] RD 添加库目标 3rdparty_boost
-- [2026-01-26 09:42:50] [INFO ] RD 添加子目录: /Users/boil/Repos/Repos-github/rendu-core/3rdparty/boost
-- [2026-01-26 09:42:50] [INFO ] RD 使用缓存包: Catch2 (来自 /Users/boil/.rdpm/packages/catch2/ab1e)
-- Performing Test HAVE_FLAG__ffile_prefix_map__Users_boil__rdpm_packages_catch2_ab1e__
-- Performing Test HAVE_FLAG__ffile_prefix_map__Users_boil__rdpm_packages_catch2_ab1e__ - Success
-- [2026-01-26 09:42:51] [INFO ] RD  添加包 Catch2@3.11.0 (v3.11.0 at /Users/boil/.rdpm/packages/catch2/ab1e)
-- [2026-01-26 09:42:51] [INFO ] RD 添加库目标 3rdparty_catch
-- [2026-01-26 09:42:51] [INFO ] RD 添加子目录: /Users/boil/Repos/Repos-github/rendu-core/3rdparty/catch
-- [2026-01-26 09:42:51] [INFO ] RD 使用缓存包: entt (来自 /Users/boil/.rdpm/packages/entt/be68)
-- [2026-01-26 09:42:51] [INFO ] RD  添加包 entt@3.16.0 (v3.16.0 at /Users/boil/.rdpm/packages/entt/be68)
-- [2026-01-26 09:42:51] [INFO ] RD 添加库目标 3rdparty_entt
-- [2026-01-26 09:42:51] [INFO ] RD 添加子目录: /Users/boil/Repos/Repos-github/rendu-core/3rdparty/entt
-- [2026-01-26 09:42:51] [INFO ] RD 使用缓存包: fmt (来自 /Users/boil/.rdpm/packages/fmt/5546)
-- {fmt} version: 12.1.0
-- Build type: RelWithDebInfo
-- Performing Test HAS_NULLPTR_WARNING
-- Performing Test HAS_NULLPTR_WARNING - Success
-- [2026-01-26 09:42:51] [INFO ] RD  添加包 fmt@12.1.0 (12.1.0 at /Users/boil/.rdpm/packages/fmt/5546)
-- [2026-01-26 09:42:51] [INFO ] RD 添加库目标 3rdparty_fmt
-- [2026-01-26 09:42:51] [INFO ] RD 添加子目录: /Users/boil/Repos/Repos-github/rendu-core/3rdparty/fmt
-- [2026-01-26 09:42:51] [INFO ] RD 使用缓存包: GTest (来自 /Users/boil/.rdpm/packages/gtest/4e78)
-- [2026-01-26 09:42:51] [INFO ] RD  添加包 GTest@1.15.2 (v1.15.2 at /Users/boil/.rdpm/packages/gtest/4e78)
-- [2026-01-26 09:42:51] [INFO ] RD 添加库目标 3rdparty_gtest
-- [2026-01-26 09:42:51] [INFO ] RD 添加子目录: /Users/boil/Repos/Repos-github/rendu-core/3rdparty/gtest
-- [2026-01-26 09:42:51] [INFO ] RD 使用缓存包: Protobuf (来自 /Users/boil/.rdpm/packages/protobuf/3341)
-- protobuf version: 33.4.0
-- Performing Test protobuf_HAVE_LD_VERSION_SCRIPT
-- Performing Test protobuf_HAVE_LD_VERSION_SCRIPT - Failed
-- Performing Test protobuf_HAVE_BUILTIN_ATOMICS
-- Performing Test protobuf_HAVE_BUILTIN_ATOMICS - Success
-- Could NOT find absl (missing: absl_DIR)
-- Fallback to downloading Abseil 20250512.1 from GitHub
-- Performing Test ABSL_INTERNAL_AT_LEAST_CXX17
-- Performing Test ABSL_INTERNAL_AT_LEAST_CXX17 - Success
-- Performing Test ABSL_INTERNAL_AT_LEAST_CXX20
-- Performing Test ABSL_INTERNAL_AT_LEAST_CXX20 - Success
-- [2026-01-26 09:44:13] [INFO ] RD  添加包 Protobuf@33.4 (v33.4 at /Users/boil/.rdpm/packages/protobuf/3341)
-- [2026-01-26 09:44:13] [INFO ] RD 添加库目标 3rdparty_protobuf
-- [2026-01-26 09:44:13] [INFO ] RD 添加子目录: /Users/boil/Repos/Repos-github/rendu-core/3rdparty/protobuf
-- [2026-01-26 09:44:13] [INFO ] RD 使用缓存包: simdjson (来自 /Users/boil/.rdpm/packages/simdjson/c103)
-- Looking for fork
-- Looking for fork - found
-- Looking for wait
-- Looking for wait - found
-- Adding -Og to compile flag
-- [2026-01-26 09:44:14] [INFO ] RD  添加包 simdjson@3.9.4 (v3.9.4 at /Users/boil/.rdpm/packages/simdjson/c103)
-- [2026-01-26 09:44:14] [INFO ] RD 添加库目标 3rdparty_simdjson
-- [2026-01-26 09:44:14] [INFO ] RD 添加子目录: /Users/boil/Repos/Repos-github/rendu-core/3rdparty/simdjson
-- [2026-01-26 09:44:14] [INFO ] RD 添加子目录: /Users/boil/Repos/Repos-github/rendu-core/3rdparty
CMake Error at cmake/macros/RenduAddSubdirectories.cmake:76 (add_subdirectory):
  The source directory

    /Users/boil/Repos/Repos-github/rendu-core/build-make

  does not contain a CMakeLists.txt file.
Call Stack (most recent call first):
  CMakeLists.txt:20 (rendu_add_subdirectories)


-- [2026-01-26 09:44:14] [INFO ] RD 添加子目录: /Users/boil/Repos/Repos-github/rendu-core/build-make
CMake Error at cmake/macros/RenduAddSubdirectories.cmake:76 (add_subdirectory):
  The source directory

    /Users/boil/Repos/Repos-github/rendu-core/build-test

  does not contain a CMakeLists.txt file.
Call Stack (most recent call first):
  CMakeLists.txt:20 (rendu_add_subdirectories)


-- [2026-01-26 09:44:14] [INFO ] RD 添加子目录: /Users/boil/Repos/Repos-github/rendu-core/build-test
-- 正在配置 apps 
-- [2026-01-26 09:44:14] [INFO ] RD 添加可执行目标 RenduCore_example
-- [2026-01-26 09:44:14] [INFO ] RD 添加子目录: /Users/boil/Repos/Repos-github/rendu-core/src/apps/example
-- [2026-01-26 09:44:14] [INFO ] RD 添加子目录: /Users/boil/Repos/Repos-github/rendu-core/src/apps
-- 正在配置 common 
-- [2026-01-26 09:44:14] [INFO ] RD 添加库目标 RenduCore_common
-- [2026-01-26 09:44:14] [INFO ] RD 添加子目录: /Users/boil/Repos/Repos-github/rendu-core/src/common
-- 正在配置 core 
-- [2026-01-26 09:44:14] [INFO ] RD 添加库目标 RenduCore_core
-- [2026-01-26 09:44:14] [INFO ] RD 添加子目录: /Users/boil/Repos/Repos-github/rendu-core/src/core
-- [2026-01-26 09:44:14] [INFO ] RD 添加子目录: /Users/boil/Repos/Repos-github/rendu-core/src/tests/common/config
-- [2026-01-26 09:44:14] [INFO ] RD 添加子目录: /Users/boil/Repos/Repos-github/rendu-core/src/tests/common/ecs
-- [2026-01-26 09:44:14] [INFO ] RD 添加测试 RenduCore_event_test
-- [2026-01-26 09:44:14] [INFO ] RD 添加测试 RenduCore_event_bus_test
-- [2026-01-26 09:44:14] [INFO ] RD 添加测试 RenduCore_handler_test
-- [2026-01-26 09:44:14] [INFO ] RD 添加子目录: /Users/boil/Repos/Repos-github/rendu-core/src/tests/common/event
-- [2026-01-26 09:44:14] [INFO ] RD 添加测试 RenduCore_io_context_test
-- [2026-01-26 09:44:14] [INFO ] RD 添加测试 RenduCore_scheduler_test
-- [2026-01-26 09:44:14] [INFO ] RD 添加测试 RenduCore_timer_test
-- [2026-01-26 09:44:14] [INFO ] RD 添加子目录: /Users/boil/Repos/Repos-github/rendu-core/src/tests/common/io
-- [2026-01-26 09:44:14] [INFO ] RD 添加测试 RenduCore_logger_test
-- [2026-01-26 09:44:14] [INFO ] RD 添加测试 RenduCore_formatter_test
-- [2026-01-26 09:44:14] [INFO ] RD 添加测试 RenduCore_console_sink_test
-- [2026-01-26 09:44:14] [INFO ] RD 添加测试 RenduCore_file_sink_test
-- [2026-01-26 09:44:14] [INFO ] RD 添加子目录: /Users/boil/Repos/Repos-github/rendu-core/src/tests/common/log
-- [2026-01-26 09:44:14] [INFO ] RD 添加测试 RenduCore_all_net_tests
-- [2026-01-26 09:44:14] [INFO ] RD 添加测试 RenduCore_codec_test
-- [2026-01-26 09:44:14] [INFO ] RD 添加测试 RenduCore_socket_test
-- [2026-01-26 09:44:14] [INFO ] RD 添加测试 RenduCore_channel_test
-- [2026-01-26 09:44:14] [INFO ] RD 添加测试 RenduCore_udp_test
-- [2026-01-26 09:44:14] [INFO ] RD 添加子目录: /Users/boil/Repos/Repos-github/rendu-core/src/tests/common/net
-- [2026-01-26 09:44:14] [INFO ] RD 添加测试 RenduCore_protobuf_ser_test
-- [2026-01-26 09:44:14] [INFO ] RD 添加测试 RenduCore_json_ser_test
-- [2026-01-26 09:44:14] [INFO ] RD 添加子目录: /Users/boil/Repos/Repos-github/rendu-core/src/tests/common/ser
-- [2026-01-26 09:44:14] [INFO ] RD 添加测试 RenduCore_string_test
-- [2026-01-26 09:44:14] [INFO ] RD 添加测试 RenduCore_time_test
-- [2026-01-26 09:44:14] [INFO ] RD 添加测试 RenduCore_error_test
-- [2026-01-26 09:44:14] [INFO ] RD 添加测试 RenduCore_container_test
-- [2026-01-26 09:44:14] [INFO ] RD 添加子目录: /Users/boil/Repos/Repos-github/rendu-core/src/tests/common/util
-- [2026-01-26 09:44:14] [INFO ] RD 添加子目录: /Users/boil/Repos/Repos-github/rendu-core/src/tests/common
-- [2026-01-26 09:44:14] [INFO ] RD 添加子目录: /Users/boil/Repos/Repos-github/rendu-core/src/tests/core/actor
-- [2026-01-26 09:44:14] [INFO ] RD 添加子目录: /Users/boil/Repos/Repos-github/rendu-core/src/tests/core/engine
-- [2026-01-26 09:44:14] [INFO ] RD 添加子目录: /Users/boil/Repos/Repos-github/rendu-core/src/tests/core/lifecycle
-- [2026-01-26 09:44:14] [INFO ] RD 添加子目录: /Users/boil/Repos/Repos-github/rendu-core/src/tests/core/loop
-- [2026-01-26 09:44:14] [INFO ] RD 添加子目录: /Users/boil/Repos/Repos-github/rendu-core/src/tests/core/state
-- [2026-01-26 09:44:14] [INFO ] RD 添加子目录: /Users/boil/Repos/Repos-github/rendu-core/src/tests/core
-- [2026-01-26 09:44:14] [INFO ] RD 添加子目录: /Users/boil/Repos/Repos-github/rendu-core/src/tests
-- [2026-01-26 09:44:14] [INFO ] RD 添加子目录: /Users/boil/Repos/Repos-github/rendu-core/src/tools
-- [2026-01-26 09:44:14] [INFO ] RD 添加子目录: /Users/boil/Repos/Repos-github/rendu-core/src
-- [2026-01-26 09:44:14] [INFO ] RD 添加卸载目标
-- Configuring incomplete, errors occurred!
